===== ANALYST laguna 2026-09-03 17:32:49 UTC =====
[91m[1mError: [0m{
  "name": "UnknownError",
  "data": {
    "message": "Unexpected server error. Check server logs for details.",
    "ref": "err_dadc20f8"
  }
}
===== ANALYST laguna 2026-09-03 20:02:53 UTC =====
[91m[1mError: [0m{
  "name": "UnknownError",
  "data": {
    "message": "Unexpected server error. Check server logs for details.",
    "ref": "err_6d394d9c"
  }
}
===== ANALYST laguna 2026-09-03 22:32:22 UTC =====
[91m[1mError: [0m{
  "name": "UnknownError",
  "data": {
    "message": "Unexpected server error. Check server logs for details.",
    "ref": "err_efe0e176"
  }
}
===== ANALYST laguna 2026-09-04 00:35:39 UTC =====
[91m[1mError: [0m{
  "name": "UnknownError",
  "data": {
    "message": "Unexpected server error. Check server logs for details.",
    "ref": "err_78e3a5f9"
  }
}
===== ANALYST laguna 2026-09-04 05:10:14 UTC =====
[91m[1mError: [0m{
  "name": "UnknownError",
  "data": {
    "message": "Unexpected server error. Check server logs for details.",
    "ref": "err_13f40224"
  }
}
===== ANALYST laguna 2026-09-04 09:51:41 UTC =====
[91m[1mError: [0m{
  "name": "UnknownError",
  "data": {
    "message": "Unexpected server error. Check server logs for details.",
    "ref": "err_72202e77"
  }
}
===== ANALYST laguna 2026-09-04 14:21:08 UTC =====
[91m[1mError: [0m{
  "name": "UnknownError",
  "data": {
    "message": "Unexpected server error. Check server logs for details.",
    "ref": "err_afdf237d"
  }
}
===== ANALYST laguna 2026-09-04 17:44:02 UTC =====
[91m[1mError: [0m{
  "name": "UnknownError",
  "data": {
    "message": "Unexpected server error. Check server logs for details.",
    "ref": "err_dbb33aeb"
  }
}
===== ANALYST laguna 2026-09-04 20:04:27 UTC =====
[91m[1mError: [0m{
  "name": "UnknownError",
  "data": {
    "message": "Unexpected server error. Check server logs for details.",
    "ref": "err_b6d58fcb"
  }
}
===== ANALYST laguna 2026-09-04 22:21:25 UTC =====
[91m[1mError: [0m{
  "name": "UnknownError",
  "data": {
    "message": "Unexpected server error. Check server logs for details.",
    "ref": "err_f235bafd"
  }
}
===== ANALYST laguna 2026-09-05 00:22:25 UTC =====
[91m[1mError: [0m{
  "name": "UnknownError",
  "data": {
    "message": "Unexpected server error. Check server logs for details.",
    "ref": "err_3cda06b7"
  }
}
===== ANALYST laguna 2026-09-05 04:47:18 UTC =====
[91m[1mError: [0m{
  "name": "UnknownError",
  "data": {
    "message": "Unexpected server error. Check server logs for details.",
    "ref": "err_5fec9cd6"
  }
}
===== ANALYST laguna 2026-09-05 08:46:09 UTC =====
[91m[1mError: [0m{
  "name": "UnknownError",
  "data": {
    "message": "Unexpected server error. Check server logs for details.",
    "ref": "err_6c8e9508"
  }
}
===== ANALYST laguna 2026-09-05 12:14:55 UTC =====
[91m[1mError: [0m{
  "name": "UnknownError",
  "data": {
    "message": "Unexpected server error. Check server logs for details.",
    "ref": "err_b10b8626"
  }
}
===== ANALYST laguna 2026-09-05 15:32:54 UTC =====
[91m[1mError: [0m{
  "name": "UnknownError",
  "data": {
    "message": "Unexpected server error. Check server logs for details.",
    "ref": "err_4e2e5cc0"
  }
}
===== ANALYST laguna 2026-09-05 17:47:27 UTC =====
[91m[1mError: [0m{
  "name": "UnknownError",
  "data": {
    "message": "Unexpected server error. Check server logs for details.",
    "ref": "err_db24e9b7"
  }
}
===== ANALYST laguna 2026-09-05 19:37:36 UTC =====
[91m[1mError: [0m{
  "name": "UnknownError",
  "data": {
    "message": "Unexpected server error. Check server logs for details.",
    "ref": "err_a245e0df"
  }
}
===== ANALYST laguna 2026-09-05 21:47:42 UTC =====
[91m[1mError: [0m{
  "name": "UnknownError",
  "data": {
    "message": "Unexpected server error. Check server logs for details.",
    "ref": "err_2592d97c"
  }
}
===== ANALYST laguna 2026-09-05 23:48:57 UTC =====
[91m[1mError: [0m{
  "name": "UnknownError",
  "data": {
    "message": "Unexpected server error. Check server logs for details.",
    "ref": "err_207e8f94"
  }
}
===== ANALYST laguna 2026-09-06 04:12:41 UTC =====
[91m[1mError: [0m{
  "name": "UnknownError",
  "data": {
    "message": "Unexpected server error. Check server logs for details.",
    "ref": "err_9be64291"
  }
}
===== ANALYST laguna 2026-09-06 08:51:55 UTC =====
[91m[1mError: [0m{
  "name": "UnknownError",
  "data": {
    "message": "Unexpected server error. Check server logs for details.",
    "ref": "err_b8ca8d09"
  }
}
===== ANALYST laguna 2026-09-06 12:51:34 UTC =====
[91m[1mError: [0m{
  "name": "UnknownError",
  "data": {
    "message": "Unexpected server error. Check server logs for details.",
    "ref": "err_27034f7a"
  }
}
===== ANALYST laguna 2026-09-06 16:14:12 UTC =====
[91m[1mError: [0m{
  "name": "UnknownError",
  "data": {
    "message": "Unexpected server error. Check server logs for details.",
    "ref": "err_a03d8223"
  }
}
===== ANALYST laguna 2026-09-06 18:32:22 UTC =====
[91m[1mError: [0m{
  "name": "UnknownError",
  "data": {
    "message": "Unexpected server error. Check server logs for details.",
    "ref": "err_a1a345ca"
  }
}
===== ANALYST laguna 2026-09-06 20:53:42 UTC =====
[91m[1mError: [0m{
  "name": "UnknownError",
  "data": {
    "message": "Unexpected server error. Check server logs for details.",
    "ref": "err_5f3fa6c4"
  }
}
===== ANALYST laguna 2026-09-06 22:53:40 UTC =====
[91m[1mError: [0m{
  "name": "UnknownError",
  "data": {
    "message": "Unexpected server error. Check server logs for details.",
    "ref": "err_19b82bce"
  }
}
===== ANALYST laguna 2026-09-07 00:53:46 UTC =====
[91m[1mError: [0m{
  "name": "UnknownError",
  "data": {
    "message": "Unexpected server error. Check server logs for details.",
    "ref": "err_b25e7aea"
  }
}
===== ANALYST laguna 2026-09-07 05:58:14 UTC =====
[91m[1mError: [0m{
  "name": "UnknownError",
  "data": {
    "message": "Unexpected server error. Check server logs for details.",
    "ref": "err_bb6a848c"
  }
}
===== ANALYST laguna 2026-09-07 12:16:46 UTC =====
[91m[1mError: [0m{
  "name": "UnknownError",
  "data": {
    "message": "Unexpected server error. Check server logs for details.",
    "ref": "err_096b3a73"
  }
}
===== ANALYST laguna 2026-09-07 18:00:41 UTC =====
[91m[1mError: [0m{
  "name": "UnknownError",
  "data": {
    "message": "Unexpected server error. Check server logs for details.",
    "ref": "err_39151313"
  }
}
===== ANALYST laguna 2026-09-07 21:29:13 UTC =====
[91m[1mError: [0m{
  "name": "UnknownError",
  "data": {
    "message": "Unexpected server error. Check server logs for details.",
    "ref": "err_e3445493"
  }
}
===== ANALYST laguna 2026-09-07 23:48:01 UTC =====
[91m[1mError: [0m{
  "name": "UnknownError",
  "data": {
    "message": "Unexpected server error. Check server logs for details.",
    "ref": "err_03f9c855"
  }
}
===== ANALYST laguna 2026-09-08 04:14:37 UTC =====
[91m[1mError: [0m{
  "name": "UnknownError",
  "data": {
    "message": "Unexpected server error. Check server logs for details.",
    "ref": "err_95bebfb7"
  }
}
===== ANALYST laguna 2026-09-08 09:16:02 UTC =====
[91m[1mError: [0m{
  "name": "UnknownError",
  "data": {
    "message": "Unexpected server error. Check server logs for details.",
    "ref": "err_61fe611f"
  }
}
===== ANALYST laguna 2026-09-08 13:49:29 UTC =====
[91m[1mError: [0m{
  "name": "UnknownError",
  "data": {
    "message": "Unexpected server error. Check server logs for details.",
    "ref": "err_4649c4c1"
  }
}
===== ANALYST laguna 2026-09-08 17:45:17 UTC =====
[91m[1mError: [0m{
  "name": "UnknownError",
  "data": {
    "message": "Unexpected server error. Check server logs for details.",
    "ref": "err_1b31884b"
  }
}
===== ANALYST laguna 2026-09-08 20:23:43 UTC =====
[91m[1mError: [0m{
  "name": "UnknownError",
  "data": {
    "message": "Unexpected server error. Check server logs for details.",
    "ref": "err_c83f8fc6"
  }
}
===== ANALYST laguna 2026-09-08 22:50:10 UTC =====
[91m[1mError: [0m{
  "name": "UnknownError",
  "data": {
    "message": "Unexpected server error. Check server logs for details.",
    "ref": "err_a84e07ef"
  }
}
===== ANALYST laguna 2026-09-09 01:14:07 UTC =====
[91m[1mError: [0m{
  "name": "UnknownError",
  "data": {
    "message": "Unexpected server error. Check server logs for details.",
    "ref": "err_eb6a04ca"
  }
}
===== ANALYST laguna 2026-09-09 06:12:53 UTC =====
[91m[1mError: [0m{
  "name": "UnknownError",
  "data": {
    "message": "Unexpected server error. Check server logs for details.",
    "ref": "err_35bc86eb"
  }
}
===== ANALYST laguna 2026-09-09 11:43:00 UTC =====
[91m[1mError: [0m{
  "name": "UnknownError",
  "data": {
    "message": "Unexpected server error. Check server logs for details.",
    "ref": "err_c33decba"
  }
}
===== ANALYST laguna 2026-09-09 15:36:36 UTC =====
[91m[1mError: [0m{
  "name": "UnknownError",
  "data": {
    "message": "Unexpected server error. Check server logs for details.",
    "ref": "err_0e2d0bcc"
  }
}
===== ANALYST laguna 2026-09-09 18:47:54 UTC =====
[91m[1mError: [0m{
  "name": "UnknownError",
  "data": {
    "message": "Unexpected server error. Check server logs for details.",
    "ref": "err_44d25df3"
  }
}
===== ANALYST laguna 2026-09-09 21:39:23 UTC =====
[91m[1mError: [0m{
  "name": "UnknownError",
  "data": {
    "message": "Unexpected server error. Check server logs for details.",
    "ref": "err_4d3034b7"
  }
}
===== ANALYST laguna 2026-09-09 23:35:38 UTC =====
[91m[1mError: [0m{
  "name": "UnknownError",
  "data": {
    "message": "Unexpected server error. Check server logs for details.",
    "ref": "err_d19017c0"
  }
}
===== ANALYST laguna 2026-09-10 01:32:22 UTC =====
[91m[1mError: [0m{
  "name": "UnknownError",
  "data": {
    "message": "Unexpected server error. Check server logs for details.",
    "ref": "err_44350018"
  }
}
===== ANALYST laguna 2026-09-10 06:44:21 UTC =====
[91m[1mError: [0m{
  "name": "UnknownError",
  "data": {
    "message": "Unexpected server error. Check server logs for details.",
    "ref": "err_5999c558"
  }
}
===== ANALYST laguna 2026-09-10 11:58:17 UTC =====
[91m[1mError: [0m{
  "name": "UnknownError",
  "data": {
    "message": "Unexpected server error. Check server logs for details.",
    "ref": "err_5a4592eb"
  }
}
===== ANALYST laguna 2026-09-10 16:15:52 UTC =====
[91m[1mError: [0m{
  "name": "UnknownError",
  "data": {
    "message": "Unexpected server error. Check server logs for details.",
    "ref": "err_2818080a"
  }
}
===== ANALYST laguna 2026-09-10 19:18:27 UTC =====
[91m[1mError: [0m{
  "name": "UnknownError",
  "data": {
    "message": "Unexpected server error. Check server logs for details.",
    "ref": "err_92682d90"
  }
}
===== ANALYST laguna 2026-09-10 21:45:49 UTC =====
[91m[1mError: [0m{
  "name": "UnknownError",
  "data": {
    "message": "Unexpected server error. Check server logs for details.",
    "ref": "err_e6ab8b96"
  }
}
===== ANALYST laguna 2026-09-10 23:56:56 UTC =====
[91m[1mError: [0m{
  "name": "UnknownError",
  "data": {
    "message": "Unexpected server error. Check server logs for details.",
    "ref": "err_bd284850"
  }
}
===== ANALYST laguna 2026-09-11 04:25:26 UTC =====
[91m[1mError: [0m{
  "name": "UnknownError",
  "data": {
    "message": "Unexpected server error. Check server logs for details.",
    "ref": "err_28e5d0cd"
  }
}
===== ANALYST laguna 2026-09-11 09:20:20 UTC =====
[91m[1mError: [0m{
  "name": "UnknownError",
  "data": {
    "message": "Unexpected server error. Check server logs for details.",
    "ref": "err_17ddd10c"
  }
}
===== ANALYST laguna 2026-09-11 13:40:20 UTC =====
[91m[1mError: [0m{
  "name": "UnknownError",
  "data": {
    "message": "Unexpected server error. Check server logs for details.",
    "ref": "err_7a40a937"
  }
}
===== ANALYST laguna 2026-09-11 17:16:53 UTC =====
[91m[1mError: [0m{
  "name": "UnknownError",
  "data": {
    "message": "Unexpected server error. Check server logs for details.",
    "ref": "err_d2ee0732"
  }
}
===== ANALYST laguna 2026-09-11 19:54:26 UTC =====
[91m[1mError: [0m{
  "name": "UnknownError",
  "data": {
    "message": "Unexpected server error. Check server logs for details.",
    "ref": "err_c72fe315"
  }
}
===== ANALYST laguna 2026-09-11 22:29:04 UTC =====
[91m[1mError: [0m{
  "name": "UnknownError",
  "data": {
    "message": "Unexpected server error. Check server logs for details.",
    "ref": "err_2d386ad1"
  }
}
===== ANALYST laguna 2026-09-12 00:41:50 UTC =====
[91m[1mError: [0m{
  "name": "UnknownError",
  "data": {
    "message": "Unexpected server error. Check server logs for details.",
    "ref": "err_048989e2"
  }
}
===== ANALYST laguna 2026-09-12 05:10:26 UTC =====
[91m[1mError: [0m{
  "name": "UnknownError",
  "data": {
    "message": "Unexpected server error. Check server logs for details.",
    "ref": "err_3812b7e9"
  }
}
===== ANALYST laguna 2026-09-12 09:29:44 UTC =====
[91m[1mError: [0m{
  "name": "UnknownError",
  "data": {
    "message": "Unexpected server error. Check server logs for details.",
    "ref": "err_bb2e1a9f"
  }
}
===== ANALYST laguna 2026-09-12 13:15:39 UTC =====
[91m[1mError: [0m{
  "name": "UnknownError",
  "data": {
    "message": "Unexpected server error. Check server logs for details.",
    "ref": "err_4c08c8ae"
  }
}
===== ANALYST laguna 2026-09-12 16:27:24 UTC =====
[91m[1mError: [0m{
  "name": "UnknownError",
  "data": {
    "message": "Unexpected server error. Check server logs for details.",
    "ref": "err_c6fe60f3"
  }
}
===== ANALYST laguna 2026-09-12 18:50:03 UTC =====
[91m[1mError: [0m{
  "name": "UnknownError",
  "data": {
    "message": "Unexpected server error. Check server logs for details.",
    "ref": "err_99f783c7"
  }
}
===== ANALYST laguna 2026-09-12 21:23:53 UTC =====
[91m[1mError: [0m{
  "name": "UnknownError",
  "data": {
    "message": "Unexpected server error. Check server logs for details.",
    "ref": "err_8296e80a"
  }
}
===== ANALYST laguna 2026-09-12 23:23:17 UTC =====
[91m[1mError: [0m{
  "name": "UnknownError",
  "data": {
    "message": "Unexpected server error. Check server logs for details.",
    "ref": "err_60b73a7e"
  }
}
===== ANALYST laguna 2026-09-13 01:29:26 UTC =====
[91m[1mError: [0m{
  "name": "UnknownError",
  "data": {
    "message": "Unexpected server error. Check server logs for details.",
    "ref": "err_dc38c791"
  }
}
===== ANALYST laguna 2026-09-13 06:52:18 UTC =====
[91m[1mError: [0m{
  "name": "UnknownError",
  "data": {
    "message": "Unexpected server error. Check server logs for details.",
    "ref": "err_ef50a22c"
  }
}
===== ANALYST laguna 2026-09-13 12:45:45 UTC =====
[91m[1mError: [0m{
  "name": "UnknownError",
  "data": {
    "message": "Unexpected server error. Check server logs for details.",
    "ref": "err_e130cffd"
  }
}
===== ANALYST laguna 2026-09-13 16:59:38 UTC =====
[91m[1mError: [0m{
  "name": "UnknownError",
  "data": {
    "message": "Unexpected server error. Check server logs for details.",
    "ref": "err_dbf534a7"
  }
}
===== ANALYST laguna 2026-09-13 19:04:49 UTC =====
[91m[1mError: [0m{
  "name": "UnknownError",
  "data": {
    "message": "Unexpected server error. Check server logs for details.",
    "ref": "err_35a2a953"
  }
}
===== ANALYST laguna 2026-09-13 21:28:39 UTC =====
[91m[1mError: [0m{
  "name": "UnknownError",
  "data": {
    "message": "Unexpected server error. Check server logs for details.",
    "ref": "err_b5435401"
  }
}
===== ANALYST laguna 2026-09-13 23:38:19 UTC =====
[91m[1mError: [0m{
  "name": "UnknownError",
  "data": {
    "message": "Unexpected server error. Check server logs for details.",
    "ref": "err_ef7ede25"
  }
}
===== ANALYST laguna 2026-09-14 01:46:29 UTC =====
[91m[1mError: [0m{
  "name": "UnknownError",
  "data": {
    "message": "Unexpected server error. Check server logs for details.",
    "ref": "err_f5443a9a"
  }
}
===== ANALYST laguna 2026-09-14 07:13:37 UTC =====
[91m[1mError: [0m{
  "name": "UnknownError",
  "data": {
    "message": "Unexpected server error. Check server logs for details.",
    "ref": "err_6d0ca2c0"
  }
}
===== ANALYST laguna 2026-09-14 14:37:04 UTC =====
[91m[1mError: [0m{
  "name": "UnknownError",
  "data": {
    "message": "Unexpected server error. Check server logs for details.",
    "ref": "err_fdedff2c"
  }
}
===== ANALYST laguna 2026-09-14 19:40:15 UTC =====
[91m[1mError: [0m{
  "name": "UnknownError",
  "data": {
    "message": "Unexpected server error. Check server logs for details.",
    "ref": "err_e9bdfe6e"
  }
}
===== ANALYST laguna 2026-09-14 22:49:01 UTC =====
[91m[1mError: [0m{
  "name": "UnknownError",
  "data": {
    "message": "Unexpected server error. Check server logs for details.",
    "ref": "err_841eb8e4"
  }
}
===== ANALYST laguna 2026-09-15 01:21:14 UTC =====
[91m[1mError: [0m{
  "name": "UnknownError",
  "data": {
    "message": "Unexpected server error. Check server logs for details.",
    "ref": "err_69ef7375"
  }
}
===== ANALYST laguna 2026-09-15 06:23:20 UTC =====
[91m[1mError: [0m{
  "name": "UnknownError",
  "data": {
    "message": "Unexpected server error. Check server logs for details.",
    "ref": "err_5757fefe"
  }
}
===== ANALYST laguna 2026-09-15 11:58:25 UTC =====
[91m[1mError: [0m{
  "name": "UnknownError",
  "data": {
    "message": "Unexpected server error. Check server logs for details.",
    "ref": "err_a7f530f1"
  }
}
===== ANALYST laguna 2026-09-15 16:49:34 UTC =====
[91m[1mError: [0m{
  "name": "UnknownError",
  "data": {
    "message": "Unexpected server error. Check server logs for details.",
    "ref": "err_21352560"
  }
}
===== ANALYST laguna 2026-09-15 20:08:44 UTC =====
[91m[1mError: [0m{
  "name": "UnknownError",
  "data": {
    "message": "Unexpected server error. Check server logs for details.",
    "ref": "err_8a38a0cd"
  }
}
===== ANALYST laguna 2026-09-15 23:00:42 UTC =====
[91m[1mError: [0m{
  "name": "UnknownError",
  "data": {
    "message": "Unexpected server error. Check server logs for details.",
    "ref": "err_8a808f96"
  }
}
===== ANALYST laguna 2026-09-16 01:21:00 UTC =====
[91m[1mError: [0m{
  "name": "UnknownError",
  "data": {
    "message": "Unexpected server error. Check server logs for details.",
    "ref": "err_d751da6d"
  }
}
===== ANALYST laguna 2026-09-16 06:21:00 UTC =====
[91m[1mError: [0m{
  "name": "UnknownError",
  "data": {
    "message": "Unexpected server error. Check server logs for details.",
    "ref": "err_9577dfa0"
  }
}
===== ANALYST laguna 2026-09-16 11:58:17 UTC =====
[91m[1mError: [0m{
  "name": "UnknownError",
  "data": {
    "message": "Unexpected server error. Check server logs for details.",
    "ref": "err_305456be"
  }
}
===== ANALYST laguna 2026-09-16 16:40:20 UTC =====
[91m[1mError: [0m{
  "name": "UnknownError",
  "data": {
    "message": "Unexpected server error. Check server logs for details.",
    "ref": "err_de0b614a"
  }
}
===== ANALYST laguna 2026-09-16 20:04:45 UTC =====
[91m[1mError: [0m{
  "name": "UnknownError",
  "data": {
    "message": "Unexpected server error. Check server logs for details.",
    "ref": "err_9475fed9"
  }
}
===== ANALYST laguna 2026-09-16 22:50:47 UTC =====
[91m[1mError: [0m{
  "name": "UnknownError",
  "data": {
    "message": "Unexpected server error. Check server logs for details.",
    "ref": "err_c14f2903"
  }
}
===== ANALYST laguna 2026-09-17 01:21:27 UTC =====
[91m[1mError: [0m{
  "name": "UnknownError",
  "data": {
    "message": "Unexpected server error. Check server logs for details.",
    "ref": "err_56a895a2"
  }
}
===== ANALYST laguna 2026-09-17 06:17:03 UTC =====
[91m[1mError: [0m{
  "name": "UnknownError",
  "data": {
    "message": "Unexpected server error. Check server logs for details.",
    "ref": "err_edb9eba3"
  }
}
===== ANALYST laguna 2026-09-17 11:59:06 UTC =====
[91m[1mError: [0m{
  "name": "UnknownError",
  "data": {
    "message": "Unexpected server error. Check server logs for details.",
    "ref": "err_40137b3e"
  }
}
===== ANALYST laguna 2026-09-17 16:47:58 UTC =====
[91m[1mError: [0m{
  "name": "UnknownError",
  "data": {
    "message": "Unexpected server error. Check server logs for details.",
    "ref": "err_3c0d6642"
  }
}
===== ANALYST laguna 2026-09-17 20:10:15 UTC =====
[91m[1mError: [0m{
  "name": "UnknownError",
  "data": {
    "message": "Unexpected server error. Check server logs for details.",
    "ref": "err_69b776ff"
  }
}
===== ANALYST laguna 2026-09-17 22:56:24 UTC =====
[91m[1mError: [0m{
  "name": "UnknownError",
  "data": {
    "message": "Unexpected server error. Check server logs for details.",
    "ref": "err_9a7336c0"
  }
}
===== ANALYST laguna 2026-09-18 01:11:07 UTC =====
[91m[1mError: [0m{
  "name": "UnknownError",
  "data": {
    "message": "Unexpected server error. Check server logs for details.",
    "ref": "err_964dbe5d"
  }
}
===== ANALYST laguna 2026-09-18 06:07:39 UTC =====
[91m[1mError: [0m{
  "name": "UnknownError",
  "data": {
    "message": "Unexpected server error. Check server logs for details.",
    "ref": "err_b7e1fa08"
  }
}
===== ANALYST laguna 2026-09-18 11:37:09 UTC =====
[91m[1mError: [0m{
  "name": "UnknownError",
  "data": {
    "message": "Unexpected server error. Check server logs for details.",
    "ref": "err_c31516a2"
  }
}
===== ANALYST laguna 2026-09-18 15:16:49 UTC =====
[91m[1mError: [0m{
  "name": "UnknownError",
  "data": {
    "message": "Unexpected server error. Check server logs for details.",
    "ref": "err_08c4dd4a"
  }
}
===== ANALYST laguna 2026-09-18 18:39:29 UTC =====
[91m[1mError: [0m{
  "name": "UnknownError",
  "data": {
    "message": "Unexpected server error. Check server logs for details.",
    "ref": "err_c0713d18"
  }
}
===== ANALYST laguna 2026-09-18 21:18:22 UTC =====
[91m[1mError: [0m{
  "name": "UnknownError",
  "data": {
    "message": "Unexpected server error. Check server logs for details.",
    "ref": "err_2cd698b5"
  }
}
===== ANALYST laguna 2026-09-18 23:30:14 UTC =====
[91m[1mError: [0m{
  "name": "UnknownError",
  "data": {
    "message": "Unexpected server error. Check server logs for details.",
    "ref": "err_26e4864c"
  }
}
===== ANALYST laguna 2026-09-19 01:38:28 UTC =====
[91m[1mError: [0m{
  "name": "UnknownError",
  "data": {
    "message": "Unexpected server error. Check server logs for details.",
    "ref": "err_923c7905"
  }
}
===== ANALYST laguna 2026-09-19 06:41:21 UTC =====
[91m[1mError: [0m{
  "name": "UnknownError",
  "data": {
    "message": "Unexpected server error. Check server logs for details.",
    "ref": "err_c0513b73"
  }
}
===== ANALYST laguna 2026-09-19 11:38:46 UTC =====
[91m[1mError: [0m{
  "name": "UnknownError",
  "data": {
    "message": "Unexpected server error. Check server logs for details.",
    "ref": "err_eee62375"
  }
}
===== ANALYST laguna 2026-09-19 14:55:03 UTC =====
[91m[1mError: [0m{
  "name": "UnknownError",
  "data": {
    "message": "Unexpected server error. Check server logs for details.",
    "ref": "err_0bdbdade"
  }
}
===== ANALYST laguna 2026-09-19 17:59:55 UTC =====
[91m[1mError: [0m{
  "name": "UnknownError",
  "data": {
    "message": "Unexpected server error. Check server logs for details.",
    "ref": "err_511ecc55"
  }
}
===== ANALYST laguna 2026-09-19 20:27:29 UTC =====
[91m[1mError: [0m{
  "name": "UnknownError",
  "data": {
    "message": "Unexpected server error. Check server logs for details.",
    "ref": "err_fb12cad6"
  }
}
===== ANALYST laguna 2026-09-19 22:33:47 UTC =====
[91m[1mError: [0m{
  "name": "UnknownError",
  "data": {
    "message": "Unexpected server error. Check server logs for details.",
    "ref": "err_05b46c91"
  }
}
===== ANALYST laguna 2026-09-20 00:26:14 UTC =====
[91m[1mError: [0m{
  "name": "UnknownError",
  "data": {
    "message": "Unexpected server error. Check server logs for details.",
    "ref": "err_463382ad"
  }
}
===== ANALYST laguna 2026-09-20 05:28:10 UTC =====
[91m[1mError: [0m{
  "name": "UnknownError",
  "data": {
    "message": "Unexpected server error. Check server logs for details.",
    "ref": "err_b8446ff8"
  }
}
===== ANALYST laguna 2026-09-20 10:17:07 UTC =====
[91m[1mError: [0m{
  "name": "UnknownError",
  "data": {
    "message": "Unexpected server error. Check server logs for details.",
    "ref": "err_d8a3236b"
  }
}
===== ANALYST laguna 2026-09-20 14:26:48 UTC =====
[91m[1mError: [0m{
  "name": "UnknownError",
  "data": {
    "message": "Unexpected server error. Check server logs for details.",
    "ref": "err_0eb2160f"
  }
}
===== ANALYST laguna 2026-09-20 17:36:52 UTC =====
[91m[1mError: [0m{
  "name": "UnknownError",
  "data": {
    "message": "Unexpected server error. Check server logs for details.",
    "ref": "err_6c1210c1"
  }
}
===== ANALYST laguna 2026-09-20 19:49:07 UTC =====
[91m[1mError: [0m{
  "name": "UnknownError",
  "data": {
    "message": "Unexpected server error. Check server logs for details.",
    "ref": "err_a0f2a0a9"
  }
}
===== ANALYST laguna 2026-09-20 22:22:30 UTC =====
[91m[1mError: [0m{
  "name": "UnknownError",
  "data": {
    "message": "Unexpected server error. Check server logs for details.",
    "ref": "err_dc18118a"
  }
}
===== ANALYST laguna 2026-09-21 00:23:18 UTC =====
[91m[1mError: [0m{
  "name": "UnknownError",
  "data": {
    "message": "Unexpected server error. Check server logs for details.",
    "ref": "err_13bdcaac"
  }
}
===== ANALYST laguna 2026-09-21 05:32:29 UTC =====
[91m[1mError: [0m{
  "name": "UnknownError",
  "data": {
    "message": "Unexpected server error. Check server logs for details.",
    "ref": "err_4c3f2db8"
  }
}
===== ANALYST laguna 2026-09-21 11:09:38 UTC =====
[91m[1mError: [0m{
  "name": "UnknownError",
  "data": {
    "message": "Unexpected server error. Check server logs for details.",
    "ref": "err_386d9a37"
  }
}
===== ANALYST laguna 2026-09-21 17:09:33 UTC =====
[91m[1mError: [0m{
  "name": "UnknownError",
  "data": {
    "message": "Unexpected server error. Check server logs for details.",
    "ref": "err_19d87501"
  }
}
===== ANALYST laguna 2026-09-21 21:09:47 UTC =====
[91m[1mError: [0m{
  "name": "UnknownError",
  "data": {
    "message": "Unexpected server error. Check server logs for details.",
    "ref": "err_cd6ac38f"
  }
}
===== ANALYST laguna 2026-09-22 00:18:51 UTC =====
[91m[1mError: [0m{
  "name": "UnknownError",
  "data": {
    "message": "Unexpected server error. Check server logs for details.",
    "ref": "err_2925b9f2"
  }
}
===== ANALYST laguna 2026-09-22 05:10:49 UTC =====
[91m[1mError: [0m{
  "name": "UnknownError",
  "data": {
    "message": "Unexpected server error. Check server logs for details.",
    "ref": "err_7345210b"
  }
}
===== ANALYST laguna 2026-09-22 10:07:49 UTC =====
[91m[1mError: [0m{
  "name": "UnknownError",
  "data": {
    "message": "Unexpected server error. Check server logs for details.",
    "ref": "err_eff49f45"
  }
}
===== ANALYST laguna 2026-09-22 15:08:55 UTC =====
[91m[1mError: [0m{
  "name": "UnknownError",
  "data": {
    "message": "Unexpected server error. Check server logs for details.",
    "ref": "err_39c5910f"
  }
}
===== ANALYST laguna 2026-09-22 19:02:50 UTC =====
[91m[1mError: [0m{
  "name": "UnknownError",
  "data": {
    "message": "Unexpected server error. Check server logs for details.",
    "ref": "err_2b0e5cb0"
  }
}
===== ANALYST laguna 2026-09-22 22:02:50 UTC =====
[91m[1mError: [0m{
  "name": "UnknownError",
  "data": {
    "message": "Unexpected server error. Check server logs for details.",
    "ref": "err_7cf84416"
  }
}
