===== ANALYST longcat 2026-09-03 17:32:49 UTC =====
[91m[1mError: [0m{
  "name": "UnknownError",
  "data": {
    "message": "Unexpected server error. Check server logs for details.",
    "ref": "err_7505d643"
  }
}
===== ANALYST longcat 2026-09-03 20:02:53 UTC =====
[91m[1mError: [0m{
  "name": "UnknownError",
  "data": {
    "message": "Unexpected server error. Check server logs for details.",
    "ref": "err_34dcfc0d"
  }
}
===== ANALYST longcat 2026-09-03 22:32:22 UTC =====
[91m[1mError: [0m{
  "name": "UnknownError",
  "data": {
    "message": "Unexpected server error. Check server logs for details.",
    "ref": "err_431438a8"
  }
}
===== ANALYST longcat 2026-09-04 00:35:39 UTC =====
[91m[1mError: [0m{
  "name": "UnknownError",
  "data": {
    "message": "Unexpected server error. Check server logs for details.",
    "ref": "err_5878f39d"
  }
}
===== ANALYST longcat 2026-09-04 05:10:14 UTC =====
[91m[1mError: [0m{
  "name": "UnknownError",
  "data": {
    "message": "Unexpected server error. Check server logs for details.",
    "ref": "err_0f720398"
  }
}
===== ANALYST longcat 2026-09-04 09:51:41 UTC =====
[91m[1mError: [0m{
  "name": "UnknownError",
  "data": {
    "message": "Unexpected server error. Check server logs for details.",
    "ref": "err_4b7a3f64"
  }
}
===== ANALYST longcat 2026-09-04 14:21:08 UTC =====
[91m[1mError: [0m{
  "name": "UnknownError",
  "data": {
    "message": "Unexpected server error. Check server logs for details.",
    "ref": "err_32fc7c95"
  }
}
===== ANALYST longcat 2026-09-04 17:44:02 UTC =====
[91m[1mError: [0m{
  "name": "UnknownError",
  "data": {
    "message": "Unexpected server error. Check server logs for details.",
    "ref": "err_d7109776"
  }
}
===== ANALYST longcat 2026-09-04 20:04:27 UTC =====
[91m[1mError: [0m{
  "name": "UnknownError",
  "data": {
    "message": "Unexpected server error. Check server logs for details.",
    "ref": "err_8bb4d905"
  }
}
===== ANALYST longcat 2026-09-04 22:21:25 UTC =====
[91m[1mError: [0m{
  "name": "UnknownError",
  "data": {
    "message": "Unexpected server error. Check server logs for details.",
    "ref": "err_92cd1118"
  }
}
===== ANALYST longcat 2026-09-05 00:22:25 UTC =====
[91m[1mError: [0m{
  "name": "UnknownError",
  "data": {
    "message": "Unexpected server error. Check server logs for details.",
    "ref": "err_18f282f9"
  }
}
===== ANALYST longcat 2026-09-05 04:47:18 UTC =====
[91m[1mError: [0m{
  "name": "UnknownError",
  "data": {
    "message": "Unexpected server error. Check server logs for details.",
    "ref": "err_6d897b6e"
  }
}
===== ANALYST longcat 2026-09-05 08:46:09 UTC =====
[91m[1mError: [0m{
  "name": "UnknownError",
  "data": {
    "message": "Unexpected server error. Check server logs for details.",
    "ref": "err_c5028597"
  }
}
===== ANALYST longcat 2026-09-05 12:14:55 UTC =====
[91m[1mError: [0m{
  "name": "UnknownError",
  "data": {
    "message": "Unexpected server error. Check server logs for details.",
    "ref": "err_8a0d37a0"
  }
}
===== ANALYST longcat 2026-09-05 15:32:54 UTC =====
[91m[1mError: [0m{
  "name": "UnknownError",
  "data": {
    "message": "Unexpected server error. Check server logs for details.",
    "ref": "err_3e25bcfa"
  }
}
===== ANALYST longcat 2026-09-05 17:47:27 UTC =====
[91m[1mError: [0m{
  "name": "UnknownError",
  "data": {
    "message": "Unexpected server error. Check server logs for details.",
    "ref": "err_a04005b3"
  }
}
===== ANALYST longcat 2026-09-05 19:37:36 UTC =====
[91m[1mError: [0m{
  "name": "UnknownError",
  "data": {
    "message": "Unexpected server error. Check server logs for details.",
    "ref": "err_b740cfa2"
  }
}
===== ANALYST longcat 2026-09-05 21:47:42 UTC =====
[91m[1mError: [0m{
  "name": "UnknownError",
  "data": {
    "message": "Unexpected server error. Check server logs for details.",
    "ref": "err_af728f88"
  }
}
===== ANALYST longcat 2026-09-05 23:48:57 UTC =====
[91m[1mError: [0m{
  "name": "UnknownError",
  "data": {
    "message": "Unexpected server error. Check server logs for details.",
    "ref": "err_4ae8bcbc"
  }
}
===== ANALYST longcat 2026-09-06 04:12:41 UTC =====
[91m[1mError: [0m{
  "name": "UnknownError",
  "data": {
    "message": "Unexpected server error. Check server logs for details.",
    "ref": "err_94bb1ede"
  }
}
===== ANALYST longcat 2026-09-06 08:51:55 UTC =====
[91m[1mError: [0m{
  "name": "UnknownError",
  "data": {
    "message": "Unexpected server error. Check server logs for details.",
    "ref": "err_bdd01ca7"
  }
}
===== ANALYST longcat 2026-09-06 12:51:34 UTC =====
[91m[1mError: [0m{
  "name": "UnknownError",
  "data": {
    "message": "Unexpected server error. Check server logs for details.",
    "ref": "err_b9414faf"
  }
}
===== ANALYST longcat 2026-09-06 16:14:12 UTC =====
[91m[1mError: [0m{
  "name": "UnknownError",
  "data": {
    "message": "Unexpected server error. Check server logs for details.",
    "ref": "err_e35e53cd"
  }
}
===== ANALYST longcat 2026-09-06 18:32:22 UTC =====
[91m[1mError: [0m{
  "name": "UnknownError",
  "data": {
    "message": "Unexpected server error. Check server logs for details.",
    "ref": "err_144de7fe"
  }
}
===== ANALYST longcat 2026-09-06 20:53:42 UTC =====
[91m[1mError: [0m{
  "name": "UnknownError",
  "data": {
    "message": "Unexpected server error. Check server logs for details.",
    "ref": "err_dde0f277"
  }
}
===== ANALYST longcat 2026-09-06 22:53:40 UTC =====
[91m[1mError: [0m{
  "name": "UnknownError",
  "data": {
    "message": "Unexpected server error. Check server logs for details.",
    "ref": "err_e22905e8"
  }
}
===== ANALYST longcat 2026-09-07 00:53:46 UTC =====
[91m[1mError: [0m{
  "name": "UnknownError",
  "data": {
    "message": "Unexpected server error. Check server logs for details.",
    "ref": "err_34bc901c"
  }
}
===== ANALYST longcat 2026-09-07 05:58:14 UTC =====
[91m[1mError: [0m{
  "name": "UnknownError",
  "data": {
    "message": "Unexpected server error. Check server logs for details.",
    "ref": "err_3fc5f6a2"
  }
}
===== ANALYST longcat 2026-09-07 12:16:46 UTC =====
[91m[1mError: [0m{
  "name": "UnknownError",
  "data": {
    "message": "Unexpected server error. Check server logs for details.",
    "ref": "err_2a669b28"
  }
}
===== ANALYST longcat 2026-09-07 18:00:41 UTC =====
[91m[1mError: [0m{
  "name": "UnknownError",
  "data": {
    "message": "Unexpected server error. Check server logs for details.",
    "ref": "err_09b9efd4"
  }
}
===== ANALYST longcat 2026-09-07 21:29:13 UTC =====
[91m[1mError: [0m{
  "name": "UnknownError",
  "data": {
    "message": "Unexpected server error. Check server logs for details.",
    "ref": "err_85678b4d"
  }
}
===== ANALYST longcat 2026-09-07 23:48:01 UTC =====
[91m[1mError: [0m{
  "name": "UnknownError",
  "data": {
    "message": "Unexpected server error. Check server logs for details.",
    "ref": "err_5af80541"
  }
}
===== ANALYST longcat 2026-09-08 04:14:37 UTC =====
[91m[1mError: [0m{
  "name": "UnknownError",
  "data": {
    "message": "Unexpected server error. Check server logs for details.",
    "ref": "err_1405ec51"
  }
}
===== ANALYST longcat 2026-09-08 09:16:02 UTC =====
[91m[1mError: [0m{
  "name": "UnknownError",
  "data": {
    "message": "Unexpected server error. Check server logs for details.",
    "ref": "err_6802cb3b"
  }
}
===== ANALYST longcat 2026-09-08 13:49:29 UTC =====
[91m[1mError: [0m{
  "name": "UnknownError",
  "data": {
    "message": "Unexpected server error. Check server logs for details.",
    "ref": "err_94430959"
  }
}
===== ANALYST longcat 2026-09-08 17:45:17 UTC =====
[91m[1mError: [0m{
  "name": "UnknownError",
  "data": {
    "message": "Unexpected server error. Check server logs for details.",
    "ref": "err_15b447a7"
  }
}
===== ANALYST longcat 2026-09-08 20:23:43 UTC =====
[91m[1mError: [0m{
  "name": "UnknownError",
  "data": {
    "message": "Unexpected server error. Check server logs for details.",
    "ref": "err_bc07cc50"
  }
}
===== ANALYST longcat 2026-09-08 22:50:10 UTC =====
[91m[1mError: [0m{
  "name": "UnknownError",
  "data": {
    "message": "Unexpected server error. Check server logs for details.",
    "ref": "err_9387fd85"
  }
}
===== ANALYST longcat 2026-09-09 01:14:07 UTC =====
[91m[1mError: [0m{
  "name": "UnknownError",
  "data": {
    "message": "Unexpected server error. Check server logs for details.",
    "ref": "err_eb9964f3"
  }
}
===== ANALYST longcat 2026-09-09 06:12:53 UTC =====
[91m[1mError: [0m{
  "name": "UnknownError",
  "data": {
    "message": "Unexpected server error. Check server logs for details.",
    "ref": "err_c6e191cc"
  }
}
===== ANALYST longcat 2026-09-09 11:43:00 UTC =====
[91m[1mError: [0m{
  "name": "UnknownError",
  "data": {
    "message": "Unexpected server error. Check server logs for details.",
    "ref": "err_dbda1404"
  }
}
===== ANALYST longcat 2026-09-09 15:36:36 UTC =====
[91m[1mError: [0m{
  "name": "UnknownError",
  "data": {
    "message": "Unexpected server error. Check server logs for details.",
    "ref": "err_9fc9b625"
  }
}
===== ANALYST longcat 2026-09-09 18:47:54 UTC =====
[91m[1mError: [0m{
  "name": "UnknownError",
  "data": {
    "message": "Unexpected server error. Check server logs for details.",
    "ref": "err_5ec1ea12"
  }
}
