===== ANALYST ling3 2026-09-03 17:32:49 UTC =====
[91m[1mError: [0m{
  "name": "UnknownError",
  "data": {
    "message": "Unexpected server error. Check server logs for details.",
    "ref": "err_8294bfef"
  }
}
===== ANALYST ling3 2026-09-03 20:02:53 UTC =====
[91m[1mError: [0m{
  "name": "UnknownError",
  "data": {
    "message": "Unexpected server error. Check server logs for details.",
    "ref": "err_ea44ba0a"
  }
}
===== ANALYST ling3 2026-09-03 22:32:22 UTC =====
[91m[1mError: [0m{
  "name": "UnknownError",
  "data": {
    "message": "Unexpected server error. Check server logs for details.",
    "ref": "err_3a8b1193"
  }
}
===== ANALYST ling3 2026-09-04 00:35:39 UTC =====
[91m[1mError: [0m{
  "name": "UnknownError",
  "data": {
    "message": "Unexpected server error. Check server logs for details.",
    "ref": "err_00a06d2e"
  }
}
===== ANALYST ling3 2026-09-04 05:10:14 UTC =====
[91m[1mError: [0m{
  "name": "UnknownError",
  "data": {
    "message": "Unexpected server error. Check server logs for details.",
    "ref": "err_fe8649a0"
  }
}
===== ANALYST ling3 2026-09-04 09:51:41 UTC =====
[91m[1mError: [0m{
  "name": "UnknownError",
  "data": {
    "message": "Unexpected server error. Check server logs for details.",
    "ref": "err_7a4e52a1"
  }
}
===== ANALYST ling3 2026-09-04 14:21:08 UTC =====
[91m[1mError: [0m{
  "name": "UnknownError",
  "data": {
    "message": "Unexpected server error. Check server logs for details.",
    "ref": "err_ff0cd5c9"
  }
}
===== ANALYST ling3 2026-09-04 17:44:02 UTC =====
[91m[1mError: [0m{
  "name": "UnknownError",
  "data": {
    "message": "Unexpected server error. Check server logs for details.",
    "ref": "err_b6ea39cc"
  }
}
===== ANALYST ling3 2026-09-04 20:04:27 UTC =====
[91m[1mError: [0m{
  "name": "UnknownError",
  "data": {
    "message": "Unexpected server error. Check server logs for details.",
    "ref": "err_4d0898b8"
  }
}
===== ANALYST ling3 2026-09-04 22:21:25 UTC =====
[91m[1mError: [0m{
  "name": "UnknownError",
  "data": {
    "message": "Unexpected server error. Check server logs for details.",
    "ref": "err_9ac3ad19"
  }
}
===== ANALYST ling3 2026-09-05 00:22:25 UTC =====
[91m[1mError: [0m{
  "name": "UnknownError",
  "data": {
    "message": "Unexpected server error. Check server logs for details.",
    "ref": "err_9f604a89"
  }
}
===== ANALYST ling3 2026-09-05 04:47:18 UTC =====
[91m[1mError: [0m{
  "name": "UnknownError",
  "data": {
    "message": "Unexpected server error. Check server logs for details.",
    "ref": "err_34bb6b5c"
  }
}
===== ANALYST ling3 2026-09-05 08:46:09 UTC =====
[91m[1mError: [0m{
  "name": "UnknownError",
  "data": {
    "message": "Unexpected server error. Check server logs for details.",
    "ref": "err_937c28d6"
  }
}
===== ANALYST ling3 2026-09-05 12:14:55 UTC =====
[91m[1mError: [0m{
  "name": "UnknownError",
  "data": {
    "message": "Unexpected server error. Check server logs for details.",
    "ref": "err_9ffc9875"
  }
}
===== ANALYST ling3 2026-09-05 15:32:54 UTC =====
[91m[1mError: [0m{
  "name": "UnknownError",
  "data": {
    "message": "Unexpected server error. Check server logs for details.",
    "ref": "err_d9145bc9"
  }
}
===== ANALYST ling3 2026-09-05 17:47:27 UTC =====
[91m[1mError: [0m{
  "name": "UnknownError",
  "data": {
    "message": "Unexpected server error. Check server logs for details.",
    "ref": "err_6701deae"
  }
}
===== ANALYST ling3 2026-09-05 19:37:36 UTC =====
[91m[1mError: [0m{
  "name": "UnknownError",
  "data": {
    "message": "Unexpected server error. Check server logs for details.",
    "ref": "err_889b9518"
  }
}
===== ANALYST ling3 2026-09-05 21:47:42 UTC =====
[91m[1mError: [0m{
  "name": "UnknownError",
  "data": {
    "message": "Unexpected server error. Check server logs for details.",
    "ref": "err_569d5a88"
  }
}
===== ANALYST ling3 2026-09-05 23:48:57 UTC =====
[91m[1mError: [0m{
  "name": "UnknownError",
  "data": {
    "message": "Unexpected server error. Check server logs for details.",
    "ref": "err_d8938029"
  }
}
===== ANALYST ling3 2026-09-06 04:12:41 UTC =====
[91m[1mError: [0m{
  "name": "UnknownError",
  "data": {
    "message": "Unexpected server error. Check server logs for details.",
    "ref": "err_cc3e35f2"
  }
}
===== ANALYST ling3 2026-09-06 08:51:55 UTC =====
[91m[1mError: [0m{
  "name": "UnknownError",
  "data": {
    "message": "Unexpected server error. Check server logs for details.",
    "ref": "err_48a297b3"
  }
}
===== ANALYST ling3 2026-09-06 12:51:34 UTC =====
[91m[1mError: [0m{
  "name": "UnknownError",
  "data": {
    "message": "Unexpected server error. Check server logs for details.",
    "ref": "err_aa53f8e1"
  }
}
===== ANALYST ling3 2026-09-06 16:14:12 UTC =====
[91m[1mError: [0m{
  "name": "UnknownError",
  "data": {
    "message": "Unexpected server error. Check server logs for details.",
    "ref": "err_5988c8b9"
  }
}
===== ANALYST ling3 2026-09-06 18:32:22 UTC =====
[91m[1mError: [0m{
  "name": "UnknownError",
  "data": {
    "message": "Unexpected server error. Check server logs for details.",
    "ref": "err_f75895f2"
  }
}
===== ANALYST ling3 2026-09-06 20:53:42 UTC =====
[91m[1mError: [0m{
  "name": "UnknownError",
  "data": {
    "message": "Unexpected server error. Check server logs for details.",
    "ref": "err_440949d4"
  }
}
===== ANALYST ling3 2026-09-06 22:53:40 UTC =====
[91m[1mError: [0m{
  "name": "UnknownError",
  "data": {
    "message": "Unexpected server error. Check server logs for details.",
    "ref": "err_87f0464a"
  }
}
===== ANALYST ling3 2026-09-07 00:53:46 UTC =====
[91m[1mError: [0m{
  "name": "UnknownError",
  "data": {
    "message": "Unexpected server error. Check server logs for details.",
    "ref": "err_4f673419"
  }
}
===== ANALYST ling3 2026-09-07 05:58:14 UTC =====
[91m[1mError: [0m{
  "name": "UnknownError",
  "data": {
    "message": "Unexpected server error. Check server logs for details.",
    "ref": "err_d3212422"
  }
}
===== ANALYST ling3 2026-09-07 12:16:46 UTC =====
[91m[1mError: [0m{
  "name": "UnknownError",
  "data": {
    "message": "Unexpected server error. Check server logs for details.",
    "ref": "err_88af90f4"
  }
}
===== ANALYST ling3 2026-09-07 18:00:41 UTC =====
[91m[1mError: [0m{
  "name": "UnknownError",
  "data": {
    "message": "Unexpected server error. Check server logs for details.",
    "ref": "err_68ec09cc"
  }
}
===== ANALYST ling3 2026-09-07 21:29:13 UTC =====
[91m[1mError: [0m{
  "name": "UnknownError",
  "data": {
    "message": "Unexpected server error. Check server logs for details.",
    "ref": "err_e806bb4f"
  }
}
===== ANALYST ling3 2026-09-07 23:48:01 UTC =====
[91m[1mError: [0m{
  "name": "UnknownError",
  "data": {
    "message": "Unexpected server error. Check server logs for details.",
    "ref": "err_1e407534"
  }
}
===== ANALYST ling3 2026-09-08 04:14:37 UTC =====
[91m[1mError: [0m{
  "name": "UnknownError",
  "data": {
    "message": "Unexpected server error. Check server logs for details.",
    "ref": "err_19a15455"
  }
}
===== ANALYST ling3 2026-09-08 09:16:02 UTC =====
[91m[1mError: [0m{
  "name": "UnknownError",
  "data": {
    "message": "Unexpected server error. Check server logs for details.",
    "ref": "err_5b9cb5f4"
  }
}
===== ANALYST ling3 2026-09-08 13:49:29 UTC =====
[91m[1mError: [0m{
  "name": "UnknownError",
  "data": {
    "message": "Unexpected server error. Check server logs for details.",
    "ref": "err_5c2affad"
  }
}
===== ANALYST ling3 2026-09-08 17:45:17 UTC =====
[91m[1mError: [0m{
  "name": "UnknownError",
  "data": {
    "message": "Unexpected server error. Check server logs for details.",
    "ref": "err_be2cf4a2"
  }
}
===== ANALYST ling3 2026-09-08 20:23:43 UTC =====
[91m[1mError: [0m{
  "name": "UnknownError",
  "data": {
    "message": "Unexpected server error. Check server logs for details.",
    "ref": "err_4e4f4e96"
  }
}
===== ANALYST ling3 2026-09-08 22:50:10 UTC =====
[91m[1mError: [0m{
  "name": "UnknownError",
  "data": {
    "message": "Unexpected server error. Check server logs for details.",
    "ref": "err_bb0f6947"
  }
}
===== ANALYST ling3 2026-09-09 01:14:07 UTC =====
[91m[1mError: [0m{
  "name": "UnknownError",
  "data": {
    "message": "Unexpected server error. Check server logs for details.",
    "ref": "err_5fcac1f1"
  }
}
===== ANALYST ling3 2026-09-09 06:12:53 UTC =====
[91m[1mError: [0m{
  "name": "UnknownError",
  "data": {
    "message": "Unexpected server error. Check server logs for details.",
    "ref": "err_9bfa0fa2"
  }
}
===== ANALYST ling3 2026-09-09 11:43:00 UTC =====
[91m[1mError: [0m{
  "name": "UnknownError",
  "data": {
    "message": "Unexpected server error. Check server logs for details.",
    "ref": "err_4bb9e4d9"
  }
}
===== ANALYST ling3 2026-09-09 15:36:36 UTC =====
[91m[1mError: [0m{
  "name": "UnknownError",
  "data": {
    "message": "Unexpected server error. Check server logs for details.",
    "ref": "err_1f3972ff"
  }
}
===== ANALYST ling3 2026-09-09 18:47:54 UTC =====
[91m[1mError: [0m{
  "name": "UnknownError",
  "data": {
    "message": "Unexpected server error. Check server logs for details.",
    "ref": "err_14e22777"
  }
}
===== ANALYST ling3 2026-09-09 21:39:23 UTC =====
[91m[1mError: [0m{
  "name": "UnknownError",
  "data": {
    "message": "Unexpected server error. Check server logs for details.",
    "ref": "err_ff3a16b9"
  }
}
===== ANALYST ling3 2026-09-09 23:35:38 UTC =====
[91m[1mError: [0m{
  "name": "UnknownError",
  "data": {
    "message": "Unexpected server error. Check server logs for details.",
    "ref": "err_692df80f"
  }
}
===== ANALYST ling3 2026-09-10 01:32:22 UTC =====
[91m[1mError: [0m{
  "name": "UnknownError",
  "data": {
    "message": "Unexpected server error. Check server logs for details.",
    "ref": "err_cccdf458"
  }
}
===== ANALYST ling3 2026-09-10 06:44:21 UTC =====
[91m[1mError: [0m{
  "name": "UnknownError",
  "data": {
    "message": "Unexpected server error. Check server logs for details.",
    "ref": "err_69d0a9e2"
  }
}
===== ANALYST ling3 2026-09-10 11:58:17 UTC =====
[91m[1mError: [0m{
  "name": "UnknownError",
  "data": {
    "message": "Unexpected server error. Check server logs for details.",
    "ref": "err_e48ce9e5"
  }
}
===== ANALYST ling3 2026-09-10 16:15:52 UTC =====
[91m[1mError: [0m{
  "name": "UnknownError",
  "data": {
    "message": "Unexpected server error. Check server logs for details.",
    "ref": "err_12e84727"
  }
}
===== ANALYST ling3 2026-09-10 19:18:27 UTC =====
[91m[1mError: [0m{
  "name": "UnknownError",
  "data": {
    "message": "Unexpected server error. Check server logs for details.",
    "ref": "err_6c5da505"
  }
}
===== ANALYST ling3 2026-09-10 21:45:49 UTC =====
[91m[1mError: [0m{
  "name": "UnknownError",
  "data": {
    "message": "Unexpected server error. Check server logs for details.",
    "ref": "err_2fb9b141"
  }
}
===== ANALYST ling3 2026-09-10 23:56:56 UTC =====
[91m[1mError: [0m{
  "name": "UnknownError",
  "data": {
    "message": "Unexpected server error. Check server logs for details.",
    "ref": "err_7581305c"
  }
}
===== ANALYST ling3 2026-09-11 04:25:26 UTC =====
[91m[1mError: [0m{
  "name": "UnknownError",
  "data": {
    "message": "Unexpected server error. Check server logs for details.",
    "ref": "err_b6677c87"
  }
}
===== ANALYST ling3 2026-09-11 09:20:20 UTC =====
[91m[1mError: [0m{
  "name": "UnknownError",
  "data": {
    "message": "Unexpected server error. Check server logs for details.",
    "ref": "err_f92bdcd4"
  }
}
===== ANALYST ling3 2026-09-11 13:40:20 UTC =====
[91m[1mError: [0m{
  "name": "UnknownError",
  "data": {
    "message": "Unexpected server error. Check server logs for details.",
    "ref": "err_946b1952"
  }
}
===== ANALYST ling3 2026-09-11 17:16:53 UTC =====
[91m[1mError: [0m{
  "name": "UnknownError",
  "data": {
    "message": "Unexpected server error. Check server logs for details.",
    "ref": "err_ed9110de"
  }
}
===== ANALYST ling3 2026-09-11 19:54:26 UTC =====
[91m[1mError: [0m{
  "name": "UnknownError",
  "data": {
    "message": "Unexpected server error. Check server logs for details.",
    "ref": "err_69e27d45"
  }
}
===== ANALYST ling3 2026-09-11 22:29:04 UTC =====
[91m[1mError: [0m{
  "name": "UnknownError",
  "data": {
    "message": "Unexpected server error. Check server logs for details.",
    "ref": "err_b59e58e2"
  }
}
===== ANALYST ling3 2026-09-12 00:41:50 UTC =====
[91m[1mError: [0m{
  "name": "UnknownError",
  "data": {
    "message": "Unexpected server error. Check server logs for details.",
    "ref": "err_79a9729e"
  }
}
===== ANALYST ling3 2026-09-12 05:10:26 UTC =====
[91m[1mError: [0m{
  "name": "UnknownError",
  "data": {
    "message": "Unexpected server error. Check server logs for details.",
    "ref": "err_2fc0f61f"
  }
}
===== ANALYST ling3 2026-09-12 09:29:44 UTC =====
[91m[1mError: [0m{
  "name": "UnknownError",
  "data": {
    "message": "Unexpected server error. Check server logs for details.",
    "ref": "err_50efccfd"
  }
}
===== ANALYST ling3 2026-09-12 13:15:39 UTC =====
[91m[1mError: [0m{
  "name": "UnknownError",
  "data": {
    "message": "Unexpected server error. Check server logs for details.",
    "ref": "err_b59a3099"
  }
}
===== ANALYST ling3 2026-09-12 16:27:24 UTC =====
[91m[1mError: [0m{
  "name": "UnknownError",
  "data": {
    "message": "Unexpected server error. Check server logs for details.",
    "ref": "err_07526c71"
  }
}
===== ANALYST ling3 2026-09-12 18:50:03 UTC =====
[91m[1mError: [0m{
  "name": "UnknownError",
  "data": {
    "message": "Unexpected server error. Check server logs for details.",
    "ref": "err_4b8ae461"
  }
}
===== ANALYST ling3 2026-09-12 21:23:53 UTC =====
[91m[1mError: [0m{
  "name": "UnknownError",
  "data": {
    "message": "Unexpected server error. Check server logs for details.",
    "ref": "err_d8c3a99d"
  }
}
===== ANALYST ling3 2026-09-12 23:23:17 UTC =====
[91m[1mError: [0m{
  "name": "UnknownError",
  "data": {
    "message": "Unexpected server error. Check server logs for details.",
    "ref": "err_1071f36c"
  }
}
===== ANALYST ling3 2026-09-13 01:29:26 UTC =====
[91m[1mError: [0m{
  "name": "UnknownError",
  "data": {
    "message": "Unexpected server error. Check server logs for details.",
    "ref": "err_8bc682ac"
  }
}
===== ANALYST ling3 2026-09-13 06:52:18 UTC =====
[91m[1mError: [0m{
  "name": "UnknownError",
  "data": {
    "message": "Unexpected server error. Check server logs for details.",
    "ref": "err_1f00bf20"
  }
}
===== ANALYST ling3 2026-09-13 12:45:45 UTC =====
[91m[1mError: [0m{
  "name": "UnknownError",
  "data": {
    "message": "Unexpected server error. Check server logs for details.",
    "ref": "err_f2d00c1f"
  }
}
===== ANALYST ling3 2026-09-13 16:59:38 UTC =====
[91m[1mError: [0m{
  "name": "UnknownError",
  "data": {
    "message": "Unexpected server error. Check server logs for details.",
    "ref": "err_01ceaf13"
  }
}
===== ANALYST ling3 2026-09-13 19:04:49 UTC =====
[91m[1mError: [0m{
  "name": "UnknownError",
  "data": {
    "message": "Unexpected server error. Check server logs for details.",
    "ref": "err_b39d928c"
  }
}
===== ANALYST ling3 2026-09-13 21:28:39 UTC =====
[91m[1mError: [0m{
  "name": "UnknownError",
  "data": {
    "message": "Unexpected server error. Check server logs for details.",
    "ref": "err_7b7ea23e"
  }
}
===== ANALYST ling3 2026-09-13 23:38:19 UTC =====
[91m[1mError: [0m{
  "name": "UnknownError",
  "data": {
    "message": "Unexpected server error. Check server logs for details.",
    "ref": "err_9b9fac50"
  }
}
===== ANALYST ling3 2026-09-14 01:46:29 UTC =====
[91m[1mError: [0m{
  "name": "UnknownError",
  "data": {
    "message": "Unexpected server error. Check server logs for details.",
    "ref": "err_e1982cd6"
  }
}
===== ANALYST ling3 2026-09-14 07:13:37 UTC =====
[91m[1mError: [0m{
  "name": "UnknownError",
  "data": {
    "message": "Unexpected server error. Check server logs for details.",
    "ref": "err_047f60de"
  }
}
===== ANALYST ling3 2026-09-14 14:37:04 UTC =====
[91m[1mError: [0m{
  "name": "UnknownError",
  "data": {
    "message": "Unexpected server error. Check server logs for details.",
    "ref": "err_5be37da5"
  }
}
===== ANALYST ling3 2026-09-14 19:40:15 UTC =====
[91m[1mError: [0m{
  "name": "UnknownError",
  "data": {
    "message": "Unexpected server error. Check server logs for details.",
    "ref": "err_729ebd78"
  }
}
===== ANALYST ling3 2026-09-14 22:49:01 UTC =====
[91m[1mError: [0m{
  "name": "UnknownError",
  "data": {
    "message": "Unexpected server error. Check server logs for details.",
    "ref": "err_9fb4cdb3"
  }
}
===== ANALYST ling3 2026-09-15 01:21:14 UTC =====
[91m[1mError: [0m{
  "name": "UnknownError",
  "data": {
    "message": "Unexpected server error. Check server logs for details.",
    "ref": "err_4730209f"
  }
}
===== ANALYST ling3 2026-09-15 06:23:20 UTC =====
[91m[1mError: [0m{
  "name": "UnknownError",
  "data": {
    "message": "Unexpected server error. Check server logs for details.",
    "ref": "err_1adfeca2"
  }
}
===== ANALYST ling3 2026-09-15 11:58:25 UTC =====
[91m[1mError: [0m{
  "name": "UnknownError",
  "data": {
    "message": "Unexpected server error. Check server logs for details.",
    "ref": "err_d220c3d5"
  }
}
===== ANALYST ling3 2026-09-15 16:49:34 UTC =====
[91m[1mError: [0m{
  "name": "UnknownError",
  "data": {
    "message": "Unexpected server error. Check server logs for details.",
    "ref": "err_227f5061"
  }
}
===== ANALYST ling3 2026-09-15 20:08:44 UTC =====
[91m[1mError: [0m{
  "name": "UnknownError",
  "data": {
    "message": "Unexpected server error. Check server logs for details.",
    "ref": "err_96340e18"
  }
}
===== ANALYST ling3 2026-09-15 23:00:42 UTC =====
[91m[1mError: [0m{
  "name": "UnknownError",
  "data": {
    "message": "Unexpected server error. Check server logs for details.",
    "ref": "err_5703f695"
  }
}
===== ANALYST ling3 2026-09-16 01:21:00 UTC =====
[91m[1mError: [0m{
  "name": "UnknownError",
  "data": {
    "message": "Unexpected server error. Check server logs for details.",
    "ref": "err_5edc2c1e"
  }
}
===== ANALYST ling3 2026-09-16 06:21:00 UTC =====
[91m[1mError: [0m{
  "name": "UnknownError",
  "data": {
    "message": "Unexpected server error. Check server logs for details.",
    "ref": "err_893a07e6"
  }
}
===== ANALYST ling3 2026-09-16 11:58:17 UTC =====
[91m[1mError: [0m{
  "name": "UnknownError",
  "data": {
    "message": "Unexpected server error. Check server logs for details.",
    "ref": "err_08e47177"
  }
}
===== ANALYST ling3 2026-09-16 16:40:20 UTC =====
[91m[1mError: [0m{
  "name": "UnknownError",
  "data": {
    "message": "Unexpected server error. Check server logs for details.",
    "ref": "err_d79446d9"
  }
}
===== ANALYST ling3 2026-09-16 20:04:45 UTC =====
[91m[1mError: [0m{
  "name": "UnknownError",
  "data": {
    "message": "Unexpected server error. Check server logs for details.",
    "ref": "err_f592c16c"
  }
}
===== ANALYST ling3 2026-09-16 22:50:47 UTC =====
[91m[1mError: [0m{
  "name": "UnknownError",
  "data": {
    "message": "Unexpected server error. Check server logs for details.",
    "ref": "err_b615f088"
  }
}
===== ANALYST ling3 2026-09-17 01:21:27 UTC =====
[91m[1mError: [0m{
  "name": "UnknownError",
  "data": {
    "message": "Unexpected server error. Check server logs for details.",
    "ref": "err_dbbf97a7"
  }
}
===== ANALYST ling3 2026-09-17 06:17:03 UTC =====
[91m[1mError: [0m{
  "name": "UnknownError",
  "data": {
    "message": "Unexpected server error. Check server logs for details.",
    "ref": "err_2e4b0761"
  }
}
===== ANALYST ling3 2026-09-17 11:59:06 UTC =====
[91m[1mError: [0m{
  "name": "UnknownError",
  "data": {
    "message": "Unexpected server error. Check server logs for details.",
    "ref": "err_2c8e7ad8"
  }
}
===== ANALYST ling3 2026-09-17 16:47:58 UTC =====
[91m[1mError: [0m{
  "name": "UnknownError",
  "data": {
    "message": "Unexpected server error. Check server logs for details.",
    "ref": "err_b57e02d9"
  }
}
===== ANALYST ling3 2026-09-17 20:10:15 UTC =====
[91m[1mError: [0m{
  "name": "UnknownError",
  "data": {
    "message": "Unexpected server error. Check server logs for details.",
    "ref": "err_1cc27c46"
  }
}
===== ANALYST ling3 2026-09-17 22:56:24 UTC =====
[91m[1mError: [0m{
  "name": "UnknownError",
  "data": {
    "message": "Unexpected server error. Check server logs for details.",
    "ref": "err_c2cc1e97"
  }
}
===== ANALYST ling3 2026-09-18 01:11:07 UTC =====
[91m[1mError: [0m{
  "name": "UnknownError",
  "data": {
    "message": "Unexpected server error. Check server logs for details.",
    "ref": "err_9a8b9e24"
  }
}
===== ANALYST ling3 2026-09-18 06:07:39 UTC =====
[91m[1mError: [0m{
  "name": "UnknownError",
  "data": {
    "message": "Unexpected server error. Check server logs for details.",
    "ref": "err_4d2c2466"
  }
}
===== ANALYST ling3 2026-09-18 11:37:09 UTC =====
[91m[1mError: [0m{
  "name": "UnknownError",
  "data": {
    "message": "Unexpected server error. Check server logs for details.",
    "ref": "err_00623443"
  }
}
===== ANALYST ling3 2026-09-18 15:16:49 UTC =====
[91m[1mError: [0m{
  "name": "UnknownError",
  "data": {
    "message": "Unexpected server error. Check server logs for details.",
    "ref": "err_5e0c1061"
  }
}
===== ANALYST ling3 2026-09-18 18:39:29 UTC =====
[91m[1mError: [0m{
  "name": "UnknownError",
  "data": {
    "message": "Unexpected server error. Check server logs for details.",
    "ref": "err_41c6d1e3"
  }
}
===== ANALYST ling3 2026-09-18 21:18:22 UTC =====
[91m[1mError: [0m{
  "name": "UnknownError",
  "data": {
    "message": "Unexpected server error. Check server logs for details.",
    "ref": "err_39e031b0"
  }
}
===== ANALYST ling3 2026-09-18 23:30:14 UTC =====
[91m[1mError: [0m{
  "name": "UnknownError",
  "data": {
    "message": "Unexpected server error. Check server logs for details.",
    "ref": "err_a1bed774"
  }
}
===== ANALYST ling3 2026-09-19 01:38:28 UTC =====
[91m[1mError: [0m{
  "name": "UnknownError",
  "data": {
    "message": "Unexpected server error. Check server logs for details.",
    "ref": "err_6ac81f69"
  }
}
===== ANALYST ling3 2026-09-19 06:41:21 UTC =====
[91m[1mError: [0m{
  "name": "UnknownError",
  "data": {
    "message": "Unexpected server error. Check server logs for details.",
    "ref": "err_9ee69b85"
  }
}
===== ANALYST ling3 2026-09-19 11:38:46 UTC =====
[91m[1mError: [0m{
  "name": "UnknownError",
  "data": {
    "message": "Unexpected server error. Check server logs for details.",
    "ref": "err_b1508c16"
  }
}
===== ANALYST ling3 2026-09-19 14:55:03 UTC =====
[91m[1mError: [0m{
  "name": "UnknownError",
  "data": {
    "message": "Unexpected server error. Check server logs for details.",
    "ref": "err_123cae05"
  }
}
===== ANALYST ling3 2026-09-19 17:59:55 UTC =====
[91m[1mError: [0m{
  "name": "UnknownError",
  "data": {
    "message": "Unexpected server error. Check server logs for details.",
    "ref": "err_306ddacb"
  }
}
===== ANALYST ling3 2026-09-19 20:27:29 UTC =====
[91m[1mError: [0m{
  "name": "UnknownError",
  "data": {
    "message": "Unexpected server error. Check server logs for details.",
    "ref": "err_80368606"
  }
}
===== ANALYST ling3 2026-09-19 22:33:47 UTC =====
[91m[1mError: [0m{
  "name": "UnknownError",
  "data": {
    "message": "Unexpected server error. Check server logs for details.",
    "ref": "err_e4682cb7"
  }
}
===== ANALYST ling3 2026-09-20 00:26:14 UTC =====
[91m[1mError: [0m{
  "name": "UnknownError",
  "data": {
    "message": "Unexpected server error. Check server logs for details.",
    "ref": "err_45a9fcda"
  }
}
===== ANALYST ling3 2026-09-20 05:28:10 UTC =====
[91m[1mError: [0m{
  "name": "UnknownError",
  "data": {
    "message": "Unexpected server error. Check server logs for details.",
    "ref": "err_d828227d"
  }
}
===== ANALYST ling3 2026-09-20 10:17:07 UTC =====
[91m[1mError: [0m{
  "name": "UnknownError",
  "data": {
    "message": "Unexpected server error. Check server logs for details.",
    "ref": "err_82ca5f55"
  }
}
===== ANALYST ling3 2026-09-20 14:26:48 UTC =====
[91m[1mError: [0m{
  "name": "UnknownError",
  "data": {
    "message": "Unexpected server error. Check server logs for details.",
    "ref": "err_a5bbef09"
  }
}
===== ANALYST ling3 2026-09-20 17:36:52 UTC =====
[91m[1mError: [0m{
  "name": "UnknownError",
  "data": {
    "message": "Unexpected server error. Check server logs for details.",
    "ref": "err_4bcecee1"
  }
}
===== ANALYST ling3 2026-09-20 19:49:07 UTC =====
[91m[1mError: [0m{
  "name": "UnknownError",
  "data": {
    "message": "Unexpected server error. Check server logs for details.",
    "ref": "err_686e70c8"
  }
}
===== ANALYST ling3 2026-09-20 22:22:30 UTC =====
[91m[1mError: [0m{
  "name": "UnknownError",
  "data": {
    "message": "Unexpected server error. Check server logs for details.",
    "ref": "err_35ce43dd"
  }
}
===== ANALYST ling3 2026-09-21 00:23:18 UTC =====
[91m[1mError: [0m{
  "name": "UnknownError",
  "data": {
    "message": "Unexpected server error. Check server logs for details.",
    "ref": "err_dec6ee1e"
  }
}
===== ANALYST ling3 2026-09-21 05:32:29 UTC =====
[91m[1mError: [0m{
  "name": "UnknownError",
  "data": {
    "message": "Unexpected server error. Check server logs for details.",
    "ref": "err_d36efa7d"
  }
}
===== ANALYST ling3 2026-09-21 11:09:38 UTC =====
[91m[1mError: [0m{
  "name": "UnknownError",
  "data": {
    "message": "Unexpected server error. Check server logs for details.",
    "ref": "err_decaf1fe"
  }
}
===== ANALYST ling3 2026-09-21 17:09:33 UTC =====
[91m[1mError: [0m{
  "name": "UnknownError",
  "data": {
    "message": "Unexpected server error. Check server logs for details.",
    "ref": "err_3c19c6c3"
  }
}
===== ANALYST ling3 2026-09-21 21:09:47 UTC =====
[91m[1mError: [0m{
  "name": "UnknownError",
  "data": {
    "message": "Unexpected server error. Check server logs for details.",
    "ref": "err_74032329"
  }
}
